// Jest Snapshot v1, https://goo.gl/fbAQLP

exports[`form-tweet component verify the component\`s snapshot 1`] = `"<form action=\\"http://localhost:3000/posts\\" method=\\"postTweet\\"><div><input type=\\"text\\" placeholder=\\"What's your story?\\" class=\\"input is-rounded\\"></div> <!----> <div><textarea type=\\"text\\" placeholder=\\"Write some thoughts here...\\" class=\\"textarea is-rounded\\" style=\\"margin-top: 1%;\\"></textarea></div> <!----> <input type=\\"submit\\" value=\\"Post\\" class=\\"button is-normal is-pulled-right\\" style=\\"margin-top: 1%; margin-right: 1.9%;\\"></form>"`;
